// Jest Snapshot v1, https://goo.gl/fbAQLP

exports[`Global Nav should match the snapshot 1`] = `
<nav
  class="nav"
>
  <div
    class="banner"
  >
    <a
      href="sourceCodeUrl"
    >
      <p
        class="textMicro"
      >
        源代码
      </p>
    </a>
  </div>
  <div
    class="container"
  >
    <a
      href="author avatar link"
    >
      <img
        alt="author avatar alt"
        class="avatarImg"
        src="author avatar path"
      />
    </a>
    <div
      class="name"
    >
      <p
        class="textMicro"
      >
        author name
      </p>
    </div>
    <div
      class="email"
    >
      <p
        class="textMicro"
      >
        author email
      </p>
    </div>
  </div>
  <ul
    class="list"
  >
    <li>
      <a
        class="link"
        href="/link1"
      >
        <p
          class="textMicro"
        >
          item1
        </p>
      </a>
    </li>
    <li>
      <a
        class="link"
        href="/link2"
      >
        <p
          class="textMicro"
        >
          item2
        </p>
      </a>
    </li>
  </ul>
</nav>
`;
