// Jest Snapshot v1, https://goo.gl/fbAQLP

exports[`Card renders a abstract card 1`] = `
<article
  class="card"
>
  <div
    class="time"
  >
    <p
      class="textMicro"
    >
      1999-02-02
    </p>
  </div>
  <div
    class="title"
  >
    <div
      class="title"
    >
      <a
        href="/some-link"
      >
        <h3
          class="titleMedium"
        >
          some title
        </h3>
      </a>
      <div
        class="underline"
      />
    </div>
  </div>
  <div
    class="content"
  >
    <p
      class="textSmall"
    >
      some abstract
    </p>
  </div>
</article>
`;
