// Jest Snapshot v1, https://goo.gl/fbAQLP

exports[`HomePage renders the homepage at page 1 1`] = `
<div
  class="home"
>
  <ul
    class="blogList"
  >
    <li
      class="blogAbstract"
    >
      <article
        class="card"
      >
        <div
          class="time"
        >
          <p
            class="textMicro"
          >
            1999年2月2日
          </p>
        </div>
        <div
          class="title"
        >
          <div
            class="title"
          >
            <a
              href="/blog/guming1"
            >
              <h3
                class="titleMedium"
              >
                title1
              </h3>
            </a>
            <div
              class="underline"
            />
          </div>
        </div>
        <div
          class="content"
        >
          <p
            class="textSmall"
          >
            abstract1
          </p>
        </div>
      </article>
    </li>
    <li
      class="blogAbstract"
    >
      <article
        class="card"
      >
        <div
          class="time"
        >
          <p
            class="textMicro"
          >
            1999年2月2日
          </p>
        </div>
        <div
          class="title"
        >
          <div
            class="title"
          >
            <a
              href="/blog/guming2"
            >
              <h3
                class="titleMedium"
              >
                title2
              </h3>
            </a>
            <div
              class="underline"
            />
          </div>
        </div>
        <div
          class="content"
        >
          <p
            class="textSmall"
          >
            abstract2
          </p>
        </div>
      </article>
    </li>
  </ul>
</div>
`;
