// Jest Snapshot v1, https://goo.gl/fbAQLP

exports[`Global Nav should match the snapshot 1`] = `
<nav
  class="nav"
>
  <div
    class="banner"
  >
    <a
      href="sourceCodeUrl"
    >
      源代码
    </a>
  </div>
  <div
    class="container"
  >
    <a
      href="author avatar link"
    >
      <img
        alt="author avatar alt"
        class="avatarImg"
        src="author avatar path"
      />
    </a>
    <p
      class="name"
    >
      author name
    </p>
    <p
      class="email"
    >
      author email
    </p>
  </div>
  <ul
    class="list"
  >
    <li>
      <a
        class="link"
        href="/link1"
      >
        item1
      </a>
    </li>
    <li>
      <a
        class="link"
        href="/link2"
      >
        item2
      </a>
    </li>
  </ul>
</nav>
`;
